// Jest Snapshot v1, https://goo.gl/fbAQLP

exports[`Image component should match snapshot 1`] = `
<li>
  <img
    src="https://mocking.com/mock.jpg"
  />
</li>
`;
